Server running
undefined
2021-12-29T06:21:45.723Z - info: Server running version=undefined
